// Jest Snapshot v1, https://goo.gl/fbAQLP

exports[`AppController (e2e) should reply /halo command with the correct WhatsApp message 1`] = `
"<?xml version="1.0" encoding="UTF-8"?><Response><Message>Halo Amir,

Saya adalah bot yang didesain untuk memberikan info kasus COVID-19 di Indonesia.
Sumber data didapatkan dari API yang disediakan oleh Open Disease Data API (https://corona.lmao.ninja/).
Ketikkan \`\`\`/help\`\`\` untuk mendapatkan informasi mengenai saya dan daftar perintah yang tersedia.</Message></Response>"
`;

exports[`AppController (e2e) should reply /help command with the correct WhatsApp message 1`] = `
"<?xml version="1.0" encoding="UTF-8"?><Response><Message>Daftar perintah:
1. \`\`\`/halo\`\`\` -&gt; Perkenalan bot
2. \`\`\`/nasional\`\`\` -&gt; Statistik COVID-19 di Indonesia
3. \`\`\`/help\`\`\` -&gt; Daftar perintah

_Versi 1.0 - 17/05/2020 20.00: Bot dibuat._
_Versi 2.0 - 13/05/2023 10.06: Penggantian API &amp; penghapusan fitur statistik per-provinsi._</Message></Response>"
`;

exports[`AppController (e2e) should reply /nasional command with the correct WhatsApp message 1`] = `
"<?xml version="1.0" encoding="UTF-8"?><Response><Message>*Statistik COVID-19 di Indonesia*

Total: 131.524.885 (+45.442.552)
Sembuh: 90.332 (+7.223)
Meninggal: 3.352.999 (+823.993)
Dirawat: 583
Kritis: 2

Tetap jaga kesehatan dan patuhi protokol kesehatan.

_Pembaharuan terakhir pada 14 Mei 2023, 08.24.30 WIB._</Message></Response>"
`;

exports[`AppController (e2e) should reply unknown command with the correct WhatsApp message 1`] = `"<?xml version="1.0" encoding="UTF-8"?><Response><Message>Maaf perintah tidak dikenali, kirimkan saya \`\`\`/help\`\`\` untuk melihat daftar perintah.</Message></Response>"`;
